// Jest Snapshot v1, https://goo.gl/fbAQLP

exports[`Connect 4 Should render correctly 1`] = `ShallowWrapper {}`;
